error: The context argument must be mutable
 --> $DIR/fail_with_borrowed_context.rs:2:7
  |
2 | async fn my_test(ctx: &Context) -> ockam_core::Result<()> {
  |       ^^
