error: Expected `ockam::Context` found `String`
 --> tests/node_test/fail_if_passed_param_is_wrong_type_using_use_statement.rs:6:23
  |
6 | async fn my_test(ctx: String) -> ockam_core::Result<()> {}
  |                       ^^^^^^
