error: Input argument should be of type `ockam::Context`
 --> tests/node_test/fail_if_passed_param_is_self.rs:6:18
  |
6 | async fn my_test(self) -> ockam_core::Result<()> {}
  |                  ^^^^
