error: The function must have a return type
 --> $DIR/fail_if_does_not_have_return_type.rs:2:7
  |
2 | async fn my_test(ctx: &mut ockam_node::Context) {
  |       ^^
