error: The context argument must be passed as reference
 --> $DIR/fail_with_mutable_context.rs:2:7
  |
2 | async fn my_test(mut ctx: Context) -> ockam_core::Result<()> {
  |       ^^
