error: Expected `ockam::Context` found `std::string::String`
 --> tests/node_test/fail_if_passed_param_is_wrong_type.rs:5:23
  |
5 | async fn my_test(ctx: std::string::String) -> ockam_core::Result<()> {}
  |                       ^^^^^^^^^^^^^^^^^^^
