error: the `async` keyword is missing from the function declaration
 --> $DIR/fail_if_function_is_not_async.rs:5:1
  |
5 | fn my_test(c: &mut ockam_node::Context) -> ockam_core::Result<()> {
  | ^^
