error: expected `fn`
 --> $DIR/tests/node/std/fail_if_item_is_not_a_function.rs:5:1
  |
5 | struct A {}
  | ^^^^^^

error[E0601]: `main` function not found in crate `$CRATE`
 --> $DIR/tests/node/std/fail_if_item_is_not_a_function.rs:4:1
  |
4 | / #[ockam::node]
5 | | struct A {}
  | |___________^ consider adding a `main` function to `$DIR/tests/node/std/fail_if_item_is_not_a_function.rs`
